yarn run v1.22.22
$ next build
   ▲ Next.js 14.1.0
   - Environments: .env

   Creating an optimized production build ...
Browserslist: browsers data (caniuse-lite) is 11 months old. Please run:
  npx update-browserslist-db@latest
  Why you should do it regularly: https://github.com/browserslist/update-db#readme
 ✓ Compiled successfully
   Linting and checking validity of types ...

./src/app/admin/subscriptions/shops/_components/SubscriptionInvoices.tsx
67:9  Warning: The 'invoices' logical expression could make the dependencies of useMemo Hook (at line 72) change on every render. To fix this, wrap the initialization of 'invoices' in its own useMemo() Hook.  react-hooks/exhaustive-deps

./src/app/customer-display/page.tsx
147:6  Warning: React Hook useEffect has a missing dependency: 'fetchDisplayData'. Either include it or remove the dependency array.  react-hooks/exhaustive-deps

./src/app/plasmarket/[id]/page.tsx
418:27  Warning: Using `<img>` could result in slower LCP and higher bandwidth. Consider using `<Image />` from `next/image` to automatically optimize images. This may incur additional usage or cost from your provider. See: https://nextjs.org/docs/messages/no-img-element  @next/next/no-img-element

./src/app/plasmarket/store/[storeId]/page.tsx
142:19  Warning: Using `<img>` could result in slower LCP and higher bandwidth. Consider using `<Image />` from `next/image` to automatically optimize images. This may incur additional usage or cost from your provider. See: https://nextjs.org/docs/messages/no-img-element  @next/next/no-img-element
272:33  Warning: Using `<img>` could result in slower LCP and higher bandwidth. Consider using `<Image />` from `next/image` to automatically optimize images. This may incur additional usage or cost from your provider. See: https://nextjs.org/docs/messages/no-img-element  @next/next/no-img-element

./src/app/referrals/_components/ReviewReferralDrawer.tsx
84:17  Warning: Using `<img>` could result in slower LCP and higher bandwidth. Consider using `<Image />` from `next/image` to automatically optimize images. This may incur additional usage or cost from your provider. See: https://nextjs.org/docs/messages/no-img-element  @next/next/no-img-element

./src/app/referrals/page.tsx
96:9  Warning: The 'referralData' logical expression could make the dependencies of useMemo Hook (at line 156) change on every render. To fix this, wrap the initialization of 'referralData' in its own useMemo() Hook.  react-hooks/exhaustive-deps
96:9  Warning: The 'referralData' logical expression could make the dependencies of useMemo Hook (at line 174) change on every render. To fix this, wrap the initialization of 'referralData' in its own useMemo() Hook.  react-hooks/exhaustive-deps

./src/app/shopper-wallets/page.tsx
266:31  Warning: Using `<img>` could result in slower LCP and higher bandwidth. Consider using `<Image />` from `next/image` to automatically optimize images. This may incur additional usage or cost from your provider. See: https://nextjs.org/docs/messages/no-img-element  @next/next/no-img-element
347:31  Warning: Using `<img>` could result in slower LCP and higher bandwidth. Consider using `<Image />` from `next/image` to automatically optimize images. This may incur additional usage or cost from your provider. See: https://nextjs.org/docs/messages/no-img-element  @next/next/no-img-element

./src/app/tax/import/page.tsx
294:6  Warning: React Hook useCallback has a missing dependency: 'router'. Either include it or remove the dependency array.  react-hooks/exhaustive-deps

./src/components/Reels/AddReelModal.tsx
605:27  Warning: Using `<img>` could result in slower LCP and higher bandwidth. Consider using `<Image />` from `next/image` to automatically optimize images. This may incur additional usage or cost from your provider. See: https://nextjs.org/docs/messages/no-img-element  @next/next/no-img-element
631:25  Warning: Using `<img>` could result in slower LCP and higher bandwidth. Consider using `<Image />` from `next/image` to automatically optimize images. This may incur additional usage or cost from your provider. See: https://nextjs.org/docs/messages/no-img-element  @next/next/no-img-element

./src/components/Reels/EditReelModal.tsx
590:27  Warning: Using `<img>` could result in slower LCP and higher bandwidth. Consider using `<Image />` from `next/image` to automatically optimize images. This may incur additional usage or cost from your provider. See: https://nextjs.org/docs/messages/no-img-element  @next/next/no-img-element
656:25  Warning: Using `<img>` could result in slower LCP and higher bandwidth. Consider using `<Image />` from `next/image` to automatically optimize images. This may incur additional usage or cost from your provider. See: https://nextjs.org/docs/messages/no-img-element  @next/next/no-img-element

./src/components/Reels/ReelCard.tsx
102:13  Warning: Using `<img>` could result in slower LCP and higher bandwidth. Consider using `<Image />` from `next/image` to automatically optimize images. This may incur additional usage or cost from your provider. See: https://nextjs.org/docs/messages/no-img-element  @next/next/no-img-element
130:11  Warning: Using `<img>` could result in slower LCP and higher bandwidth. Consider using `<Image />` from `next/image` to automatically optimize images. This may incur additional usage or cost from your provider. See: https://nextjs.org/docs/messages/no-img-element  @next/next/no-img-element

./src/components/Restaurants/AddRestaurantModal.tsx
652:21  Warning: Using `<img>` could result in slower LCP and higher bandwidth. Consider using `<Image />` from `next/image` to automatically optimize images. This may incur additional usage or cost from your provider. See: https://nextjs.org/docs/messages/no-img-element  @next/next/no-img-element
707:21  Warning: Using `<img>` could result in slower LCP and higher bandwidth. Consider using `<Image />` from `next/image` to automatically optimize images. This may incur additional usage or cost from your provider. See: https://nextjs.org/docs/messages/no-img-element  @next/next/no-img-element
769:21  Warning: Using `<img>` could result in slower LCP and higher bandwidth. Consider using `<Image />` from `next/image` to automatically optimize images. This may incur additional usage or cost from your provider. See: https://nextjs.org/docs/messages/no-img-element  @next/next/no-img-element

./src/components/Restaurants/EditRestaurantDrawer.tsx
313:31  Warning: Using `<img>` could result in slower LCP and higher bandwidth. Consider using `<Image />` from `next/image` to automatically optimize images. This may incur additional usage or cost from your provider. See: https://nextjs.org/docs/messages/no-img-element  @next/next/no-img-element

./src/components/Restaurants/drawers/AddRestaurantDishDrawer.tsx
399:37  Warning: Using `<img>` could result in slower LCP and higher bandwidth. Consider using `<Image />` from `next/image` to automatically optimize images. This may incur additional usage or cost from your provider. See: https://nextjs.org/docs/messages/no-img-element  @next/next/no-img-element
454:37  Warning: Using `<img>` could result in slower LCP and higher bandwidth. Consider using `<Image />` from `next/image` to automatically optimize images. This may incur additional usage or cost from your provider. See: https://nextjs.org/docs/messages/no-img-element  @next/next/no-img-element
589:25  Warning: Using `<img>` could result in slower LCP and higher bandwidth. Consider using `<Image />` from `next/image` to automatically optimize images. This may incur additional usage or cost from your provider. See: https://nextjs.org/docs/messages/no-img-element  @next/next/no-img-element

./src/components/Restaurants/drawers/EditDishDrawer.tsx
220:23  Warning: Using `<img>` could result in slower LCP and higher bandwidth. Consider using `<Image />` from `next/image` to automatically optimize images. This may incur additional usage or cost from your provider. See: https://nextjs.org/docs/messages/no-img-element  @next/next/no-img-element

./src/components/Restaurants/tabs/DishesTab.tsx
134:27  Warning: Using `<img>` could result in slower LCP and higher bandwidth. Consider using `<Image />` from `next/image` to automatically optimize images. This may incur additional usage or cost from your provider. See: https://nextjs.org/docs/messages/no-img-element  @next/next/no-img-element

./src/components/Restaurants/tabs/OrdersTab.tsx
71:31  Warning: Using `<img>` could result in slower LCP and higher bandwidth. Consider using `<Image />` from `next/image` to automatically optimize images. This may incur additional usage or cost from your provider. See: https://nextjs.org/docs/messages/no-img-element  @next/next/no-img-element

./src/components/customer-display/MomoPaymentDialog.tsx
99:19  Warning: Using `<img>` could result in slower LCP and higher bandwidth. Consider using `<Image />` from `next/image` to automatically optimize images. This may incur additional usage or cost from your provider. See: https://nextjs.org/docs/messages/no-img-element  @next/next/no-img-element

./src/components/dashboard/RevenueTrendChart.tsx
103:9  Warning: The 'records' logical expression could make the dependencies of useMemo Hook (at line 110) change on every render. To fix this, wrap the initialization of 'records' in its own useMemo() Hook.  react-hooks/exhaustive-deps
103:9  Warning: The 'records' logical expression could make the dependencies of useMemo Hook (at line 117) change on every render. To fix this, wrap the initialization of 'records' in its own useMemo() Hook.  react-hooks/exhaustive-deps
103:9  Warning: The 'records' logical expression could make the dependencies of useMemo Hook (at line 123) change on every render. To fix this, wrap the initialization of 'records' in its own useMemo() Hook.  react-hooks/exhaustive-deps

./src/components/dashboard/TransactionDetailsDialog.tsx
95:23  Warning: Using `<img>` could result in slower LCP and higher bandwidth. Consider using `<Image />` from `next/image` to automatically optimize images. This may incur additional usage or cost from your provider. See: https://nextjs.org/docs/messages/no-img-element  @next/next/no-img-element

./src/components/drawers/ProjectUserDetailsDrawer.tsx
100:15  Warning: Using `<img>` could result in slower LCP and higher bandwidth. Consider using `<Image />` from `next/image` to automatically optimize images. This may incur additional usage or cost from your provider. See: https://nextjs.org/docs/messages/no-img-element  @next/next/no-img-element

./src/components/drawers/RefundDetailsSheet.tsx
295:17  Warning: Using `<img>` could result in slower LCP and higher bandwidth. Consider using `<Image />` from `next/image` to automatically optimize images. This may incur additional usage or cost from your provider. See: https://nextjs.org/docs/messages/no-img-element  @next/next/no-img-element

./src/components/drawers/RestaurantDetailsSheet.tsx
250:41  Warning: Using `<img>` could result in slower LCP and higher bandwidth. Consider using `<Image />` from `next/image` to automatically optimize images. This may incur additional usage or cost from your provider. See: https://nextjs.org/docs/messages/no-img-element  @next/next/no-img-element

./src/components/layout/AdminSidebar.tsx
395:15  Warning: Using `<img>` could result in slower LCP and higher bandwidth. Consider using `<Image />` from `next/image` to automatically optimize images. This may incur additional usage or cost from your provider. See: https://nextjs.org/docs/messages/no-img-element  @next/next/no-img-element
525:19  Warning: Using `<img>` could result in slower LCP and higher bandwidth. Consider using `<Image />` from `next/image` to automatically optimize images. This may incur additional usage or cost from your provider. See: https://nextjs.org/docs/messages/no-img-element  @next/next/no-img-element
554:15  Warning: Using `<img>` could result in slower LCP and higher bandwidth. Consider using `<Image />` from `next/image` to automatically optimize images. This may incur additional usage or cost from your provider. See: https://nextjs.org/docs/messages/no-img-element  @next/next/no-img-element

./src/components/layout/LoadingProvider.tsx
26:15  Warning: Using `<img>` could result in slower LCP and higher bandwidth. Consider using `<Image />` from `next/image` to automatically optimize images. This may incur additional usage or cost from your provider. See: https://nextjs.org/docs/messages/no-img-element  @next/next/no-img-element

./src/components/modals/LoginModal.tsx
193:19  Warning: Using `<img>` could result in slower LCP and higher bandwidth. Consider using `<Image />` from `next/image` to automatically optimize images. This may incur additional usage or cost from your provider. See: https://nextjs.org/docs/messages/no-img-element  @next/next/no-img-element

./src/components/modals/LogisticsAccountModal.tsx
201:27  Warning: Using `<img>` could result in slower LCP and higher bandwidth. Consider using `<Image />` from `next/image` to automatically optimize images. This may incur additional usage or cost from your provider. See: https://nextjs.org/docs/messages/no-img-element  @next/next/no-img-element

./src/components/modals/MultiFactorAuthStep.tsx
86:6  Warning: React Hook useEffect has missing dependencies: 'generateQRCodeUrl', 'generateSecretKey', 'user.email', and 'user.username'. Either include them or remove the dependency array.  react-hooks/exhaustive-deps
92:6  Warning: React Hook useEffect has missing dependencies: 'generatedSmsCode', 'handleSendSmsCode', and 'isLoading'. Either include them or remove the dependency array.  react-hooks/exhaustive-deps
276:17  Warning: Using `<img>` could result in slower LCP and higher bandwidth. Consider using `<Image />` from `next/image` to automatically optimize images. This may incur additional usage or cost from your provider. See: https://nextjs.org/docs/messages/no-img-element  @next/next/no-img-element

./src/components/modals/PetDetailsModal.tsx
128:19  Warning: Using `<img>` could result in slower LCP and higher bandwidth. Consider using `<Image />` from `next/image` to automatically optimize images. This may incur additional usage or cost from your provider. See: https://nextjs.org/docs/messages/no-img-element  @next/next/no-img-element
279:23  Warning: Using `<img>` could result in slower LCP and higher bandwidth. Consider using `<Image />` from `next/image` to automatically optimize images. This may incur additional usage or cost from your provider. See: https://nextjs.org/docs/messages/no-img-element  @next/next/no-img-element

./src/components/modals/PetVendorModal.tsx
193:27  Warning: Using `<img>` could result in slower LCP and higher bandwidth. Consider using `<Image />` from `next/image` to automatically optimize images. This may incur additional usage or cost from your provider. See: https://nextjs.org/docs/messages/no-img-element  @next/next/no-img-element

./src/components/modals/ShopAuthModal.tsx
89:6  Warning: React Hook React.useEffect has a missing dependency: 'generateQRCode'. Either include it or remove the dependency array.  react-hooks/exhaustive-deps
270:17  Warning: Using `<img>` could result in slower LCP and higher bandwidth. Consider using `<Image />` from `next/image` to automatically optimize images. This may incur additional usage or cost from your provider. See: https://nextjs.org/docs/messages/no-img-element  @next/next/no-img-element

./src/components/modals/VehicleDetailsModal.tsx
107:19  Warning: Using `<img>` could result in slower LCP and higher bandwidth. Consider using `<Image />` from `next/image` to automatically optimize images. This may incur additional usage or cost from your provider. See: https://nextjs.org/docs/messages/no-img-element  @next/next/no-img-element
195:25  Warning: Using `<img>` could result in slower LCP and higher bandwidth. Consider using `<Image />` from `next/image` to automatically optimize images. This may incur additional usage or cost from your provider. See: https://nextjs.org/docs/messages/no-img-element  @next/next/no-img-element
223:25  Warning: Using `<img>` could result in slower LCP and higher bandwidth. Consider using `<Image />` from `next/image` to automatically optimize images. This may incur additional usage or cost from your provider. See: https://nextjs.org/docs/messages/no-img-element  @next/next/no-img-element

./src/components/pages/LogisticsDetails.tsx
295:27  Warning: Using `<img>` could result in slower LCP and higher bandwidth. Consider using `<Image />` from `next/image` to automatically optimize images. This may incur additional usage or cost from your provider. See: https://nextjs.org/docs/messages/no-img-element  @next/next/no-img-element

./src/components/pages/Orders.tsx
236:9  Warning: The 'orders' logical expression could make the dependencies of useMemo Hook (at line 423) change on every render. Move it inside the useMemo callback. Alternatively, wrap the initialization of 'orders' in its own useMemo() Hook.  react-hooks/exhaustive-deps
237:9  Warning: The 'reelOrderItems' logical expression could make the dependencies of useMemo Hook (at line 423) change on every render. Move it inside the useMemo callback. Alternatively, wrap the initialization of 'reelOrderItems' in its own useMemo() Hook.  react-hooks/exhaustive-deps
238:9  Warning: The 'businessOrderItems' logical expression could make the dependencies of useMemo Hook (at line 423) change on every render. Move it inside the useMemo callback. Alternatively, wrap the initialization of 'businessOrderItems' in its own useMemo() Hook.  react-hooks/exhaustive-deps
239:9  Warning: The 'restaurantOrderItems' logical expression could make the dependencies of useMemo Hook (at line 423) change on every render. Move it inside the useMemo callback. Alternatively, wrap the initialization of 'restaurantOrderItems' in its own useMemo() Hook.  react-hooks/exhaustive-deps

./src/components/pages/PetVendorDetails.tsx
296:27  Warning: Using `<img>` could result in slower LCP and higher bandwidth. Consider using `<Image />` from `next/image` to automatically optimize images. This may incur additional usage or cost from your provider. See: https://nextjs.org/docs/messages/no-img-element  @next/next/no-img-element

./src/components/pages/Products.tsx
52:5  Warning: Using `<img>` could result in slower LCP and higher bandwidth. Consider using `<Image />` from `next/image` to automatically optimize images. This may incur additional usage or cost from your provider. See: https://nextjs.org/docs/messages/no-img-element  @next/next/no-img-element

./src/components/pages/ProjectUsers.tsx
226:29  Warning: Using `<img>` could result in slower LCP and higher bandwidth. Consider using `<Image />` from `next/image` to automatically optimize images. This may incur additional usage or cost from your provider. See: https://nextjs.org/docs/messages/no-img-element  @next/next/no-img-element
410:13  Warning: Using `<img>` could result in slower LCP and higher bandwidth. Consider using `<Image />` from `next/image` to automatically optimize images. This may incur additional usage or cost from your provider. See: https://nextjs.org/docs/messages/no-img-element  @next/next/no-img-element

./src/components/pages/Refunds.tsx
83:9  Warning: The 'refunds' logical expression could make the dependencies of useMemo Hook (at line 121) change on every render. To fix this, wrap the initialization of 'refunds' in its own useMemo() Hook.  react-hooks/exhaustive-deps

./src/components/pages/Restaurants.tsx
170:9  Warning: Using `<img>` could result in slower LCP and higher bandwidth. Consider using `<Image />` from `next/image` to automatically optimize images. This may incur additional usage or cost from your provider. See: https://nextjs.org/docs/messages/no-img-element  @next/next/no-img-element

./src/components/pages/ShopDetail.tsx
583:13  Warning: Using `<img>` could result in slower LCP and higher bandwidth. Consider using `<Image />` from `next/image` to automatically optimize images. This may incur additional usage or cost from your provider. See: https://nextjs.org/docs/messages/no-img-element  @next/next/no-img-element
600:19  Warning: Using `<img>` could result in slower LCP and higher bandwidth. Consider using `<Image />` from `next/image` to automatically optimize images. This may incur additional usage or cost from your provider. See: https://nextjs.org/docs/messages/no-img-element  @next/next/no-img-element
863:33  Warning: Using `<img>` could result in slower LCP and higher bandwidth. Consider using `<Image />` from `next/image` to automatically optimize images. This may incur additional usage or cost from your provider. See: https://nextjs.org/docs/messages/no-img-element  @next/next/no-img-element

./src/components/pages/Shops.tsx
211:9  Warning: Using `<img>` could result in slower LCP and higher bandwidth. Consider using `<Image />` from `next/image` to automatically optimize images. This may incur additional usage or cost from your provider. See: https://nextjs.org/docs/messages/no-img-element  @next/next/no-img-element
336:31  Warning: Using `<img>` could result in slower LCP and higher bandwidth. Consider using `<Image />` from `next/image` to automatically optimize images. This may incur additional usage or cost from your provider. See: https://nextjs.org/docs/messages/no-img-element  @next/next/no-img-element
537:33  Warning: Using `<img>` could result in slower LCP and higher bandwidth. Consider using `<Image />` from `next/image` to automatically optimize images. This may incur additional usage or cost from your provider. See: https://nextjs.org/docs/messages/no-img-element  @next/next/no-img-element
537:33  Warning: img elements must have an alt prop, either with meaningful text, or an empty string for decorative images.  jsx-a11y/alt-text
627:31  Warning: Using `<img>` could result in slower LCP and higher bandwidth. Consider using `<Image />` from `next/image` to automatically optimize images. This may incur additional usage or cost from your provider. See: https://nextjs.org/docs/messages/no-img-element  @next/next/no-img-element
627:31  Warning: img elements must have an alt prop, either with meaningful text, or an empty string for decorative images.  jsx-a11y/alt-text

./src/components/pages/SupermarketSettings.tsx
325:17  Warning: Using `<img>` could result in slower LCP and higher bandwidth. Consider using `<Image />` from `next/image` to automatically optimize images. This may incur additional usage or cost from your provider. See: https://nextjs.org/docs/messages/no-img-element  @next/next/no-img-element

./src/components/pages/Wallets.tsx
609:23  Warning: Using `<img>` could result in slower LCP and higher bandwidth. Consider using `<Image />` from `next/image` to automatically optimize images. This may incur additional usage or cost from your provider. See: https://nextjs.org/docs/messages/no-img-element  @next/next/no-img-element
786:33  Warning: Using `<img>` could result in slower LCP and higher bandwidth. Consider using `<Image />` from `next/image` to automatically optimize images. This may incur additional usage or cost from your provider. See: https://nextjs.org/docs/messages/no-img-element  @next/next/no-img-element

./src/components/pages/WithdrawRequests.tsx
370:33  Warning: Using `<img>` could result in slower LCP and higher bandwidth. Consider using `<Image />` from `next/image` to automatically optimize images. This may incur additional usage or cost from your provider. See: https://nextjs.org/docs/messages/no-img-element  @next/next/no-img-element

./src/components/pages/pos/Inventory.tsx
141:6  Warning: React Hook React.useEffect has a missing dependency: 'transformProductsToInventoryItems'. Either include it or remove the dependency array.  react-hooks/exhaustive-deps

./src/components/pages/pos/checkout/CheckoutBarcodeScanner.tsx
72:6  Warning: React Hook useEffect has a missing dependency: 'initializeScanner'. Either include it or remove the dependency array.  react-hooks/exhaustive-deps
98:6  Warning: React Hook useCallback has a missing dependency: 'startScanning'. Either include it or remove the dependency array.  react-hooks/exhaustive-deps
208:5  Warning: React Hook useCallback has missing dependencies: 'isScanning' and 'playScanSound'. Either include them or remove the dependency array.  react-hooks/exhaustive-deps

./src/components/pages/pos/checkout/ProductSelectionCard.tsx
74:23  Warning: Using `<img>` could result in slower LCP and higher bandwidth. Consider using `<Image />` from `next/image` to automatically optimize images. This may incur additional usage or cost from your provider. See: https://nextjs.org/docs/messages/no-img-element  @next/next/no-img-element

./src/components/pages/shopper/InvoicesTab.tsx
356:35  Warning: Using `<img>` could result in slower LCP and higher bandwidth. Consider using `<Image />` from `next/image` to automatically optimize images. This may incur additional usage or cost from your provider. See: https://nextjs.org/docs/messages/no-img-element  @next/next/no-img-element
430:31  Warning: Using `<img>` could result in slower LCP and higher bandwidth. Consider using `<Image />` from `next/image` to automatically optimize images. This may incur additional usage or cost from your provider. See: https://nextjs.org/docs/messages/no-img-element  @next/next/no-img-element

./src/components/pages/shopper/ShopperActions.tsx
122:27  Warning: Using `<img>` could result in slower LCP and higher bandwidth. Consider using `<Image />` from `next/image` to automatically optimize images. This may incur additional usage or cost from your provider. See: https://nextjs.org/docs/messages/no-img-element  @next/next/no-img-element

./src/components/pages/shopper/ShopperProfileCard.tsx
45:19  Warning: Using `<img>` could result in slower LCP and higher bandwidth. Consider using `<Image />` from `next/image` to automatically optimize images. This may incur additional usage or cost from your provider. See: https://nextjs.org/docs/messages/no-img-element  @next/next/no-img-element

./src/components/pages/shopper/ShopperWalletTab.tsx
240:17  Warning: Using `<img>` could result in slower LCP and higher bandwidth. Consider using `<Image />` from `next/image` to automatically optimize images. This may incur additional usage or cost from your provider. See: https://nextjs.org/docs/messages/no-img-element  @next/next/no-img-element
246:17  Warning: Using `<img>` could result in slower LCP and higher bandwidth. Consider using `<Image />` from `next/image` to automatically optimize images. This may incur additional usage or cost from your provider. See: https://nextjs.org/docs/messages/no-img-element  @next/next/no-img-element

./src/components/pages/shopper/VerificationTab.tsx
51:13  Warning: Using `<img>` could result in slower LCP and higher bandwidth. Consider using `<Image />` from `next/image` to automatically optimize images. This may incur additional usage or cost from your provider. See: https://nextjs.org/docs/messages/no-img-element  @next/next/no-img-element
222:21  Warning: Using `<img>` could result in slower LCP and higher bandwidth. Consider using `<Image />` from `next/image` to automatically optimize images. This may incur additional usage or cost from your provider. See: https://nextjs.org/docs/messages/no-img-element  @next/next/no-img-element
231:19  Warning: Using `<img>` could result in slower LCP and higher bandwidth. Consider using `<Image />` from `next/image` to automatically optimize images. This may incur additional usage or cost from your provider. See: https://nextjs.org/docs/messages/no-img-element  @next/next/no-img-element
258:17  Warning: Using `<img>` could result in slower LCP and higher bandwidth. Consider using `<Image />` from `next/image` to automatically optimize images. This may incur additional usage or cost from your provider. See: https://nextjs.org/docs/messages/no-img-element  @next/next/no-img-element

./src/components/promotions/PromotionDetails.tsx
73:17  Warning: Using `<img>` could result in slower LCP and higher bandwidth. Consider using `<Image />` from `next/image` to automatically optimize images. This may incur additional usage or cost from your provider. See: https://nextjs.org/docs/messages/no-img-element  @next/next/no-img-element

./src/components/shop/AddBranchShopDialog.tsx
485:23  Warning: Using `<img>` could result in slower LCP and higher bandwidth. Consider using `<Image />` from `next/image` to automatically optimize images. This may incur additional usage or cost from your provider. See: https://nextjs.org/docs/messages/no-img-element  @next/next/no-img-element

./src/components/shop/AddProductDialog.tsx
213:6  Warning: React Hook useEffect has a missing dependency: 'resetForm'. Either include it or remove the dependency array.  react-hooks/exhaustive-deps
514:29  Warning: Using `<img>` could result in slower LCP and higher bandwidth. Consider using `<Image />` from `next/image` to automatically optimize images. This may incur additional usage or cost from your provider. See: https://nextjs.org/docs/messages/no-img-element  @next/next/no-img-element

./src/components/shop/AddProjectUserDialog.tsx
621:25  Warning: Using `<img>` could result in slower LCP and higher bandwidth. Consider using `<Image />` from `next/image` to automatically optimize images. This may incur additional usage or cost from your provider. See: https://nextjs.org/docs/messages/no-img-element  @next/next/no-img-element

./src/components/shop/AddShopDialog.tsx
453:23  Warning: Using `<img>` could result in slower LCP and higher bandwidth. Consider using `<Image />` from `next/image` to automatically optimize images. This may incur additional usage or cost from your provider. See: https://nextjs.org/docs/messages/no-img-element  @next/next/no-img-element

./src/components/shop/BarcodeScanner.tsx
77:6  Warning: React Hook useEffect has a missing dependency: 'initializeScanner'. Either include it or remove the dependency array.  react-hooks/exhaustive-deps
103:6  Warning: React Hook useCallback has a missing dependency: 'startScanning'. Either include it or remove the dependency array.  react-hooks/exhaustive-deps
213:5  Warning: React Hook useCallback has missing dependencies: 'isScanning' and 'playScanSound'. Either include them or remove the dependency array.  react-hooks/exhaustive-deps

./src/components/shop/EditProductDialog.tsx
377:29  Warning: Using `<img>` could result in slower LCP and higher bandwidth. Consider using `<Image />` from `next/image` to automatically optimize images. This may incur additional usage or cost from your provider. See: https://nextjs.org/docs/messages/no-img-element  @next/next/no-img-element

./src/components/shop/EditProjectUserDialog.tsx
498:25  Warning: Using `<img>` could result in slower LCP and higher bandwidth. Consider using `<Image />` from `next/image` to automatically optimize images. This may incur additional usage or cost from your provider. See: https://nextjs.org/docs/messages/no-img-element  @next/next/no-img-element

./src/components/shop/ProductNameFormDialog.tsx
195:25  Warning: Using `<img>` could result in slower LCP and higher bandwidth. Consider using `<Image />` from `next/image` to automatically optimize images. This may incur additional usage or cost from your provider. See: https://nextjs.org/docs/messages/no-img-element  @next/next/no-img-element

./src/components/wallet/ProcessPayoutDrawer.tsx
111:31  Warning: Using `<img>` could result in slower LCP and higher bandwidth. Consider using `<Image />` from `next/image` to automatically optimize images. This may incur additional usage or cost from your provider. See: https://nextjs.org/docs/messages/no-img-element  @next/next/no-img-element
238:13  Warning: Using `<img>` could result in slower LCP and higher bandwidth. Consider using `<Image />` from `next/image` to automatically optimize images. This may incur additional usage or cost from your provider. See: https://nextjs.org/docs/messages/no-img-element  @next/next/no-img-element

./src/components/wallet/WithdrawRequestApprovalDialog.tsx
330:37  Warning: Using `<img>` could result in slower LCP and higher bandwidth. Consider using `<Image />` from `next/image` to automatically optimize images. This may incur additional usage or cost from your provider. See: https://nextjs.org/docs/messages/no-img-element  @next/next/no-img-element

info  - Need to disable some ESLint rules? Learn more here: https://nextjs.org/docs/basic-features/eslint#disabling-rules
Failed to compile.

./src/app/admin/subscriptions/shops/page.tsx:207:46
Type error: Parameter 'sub' implicitly has an 'any' type.

[0m [90m 205 |[39m                   [33m<[39m[33m/[39m[33mTableRow[39m[33m>[39m[0m
[0m [90m 206 |[39m                 ) [33m:[39m ([0m
[0m[31m[1m>[22m[39m[90m 207 |[39m                   paginatedSubscriptions[33m.[39mmap(sub [33m=>[39m ([0m
[0m [90m     |[39m                                              [31m[1m^[22m[39m[0m
[0m [90m 208 |[39m                     [33m<[39m[33mTableRow[39m key[33m=[39m{sub[33m.[39mid}[33m>[39m[0m
[0m [90m 209 |[39m                       [33m<[39m[33mTableCell[39m[33m>[39m[0m
[0m [90m 210 |[39m                         [33m<[39m[33mdiv[39m className[33m=[39m[32m"flex flex-col"[39m[33m>[39m[0m
error Command failed with exit code 1.
info Visit https://yarnpkg.com/en/docs/cli/run for documentation about this command.
